C51 COMPILER V9.00   START                                                                 05/06/2017 12:02:10 PAGE 1   


C51 COMPILER V9.00, COMPILATION OF MODULE START
OBJECT MODULE PLACED IN start.OBJ
COMPILER INVOKED BY: D:\安装包2\keil4\C51\BIN\C51.EXE start.c BROWSE DEBUG OBJECTEXTEND

line level    source

   1          #include<start.h>
   2          
   3          void start_display()
   4          {
   5   1       
   6   1                  write_cmd(0x80+1);
   7   1                  write_word("农业环境信息");
   8   1                      write_cmd(0x90+1);
   9   1                  write_word("采集检测系统");
  10   1                  write_cmd(0x88);   
  11   1                      write_word("作者：吴小同");
  12   1                       write_cmd(0x98);   
  13   1                      write_word("指导老师：黄为勇");
  14   1      }
  15          
  16          void all_Display()
  17          {
  18   1               
  19   1             display_BH1750();
  20   1             DHT11_Display();
  21   1                 tu_display();
  22   1      
  23   1      }
  24          


MODULE INFORMATION:   STATIC OVERLAYABLE
   CODE SIZE        =     65    ----
   CONSTANT SIZE    =     56    ----
   XDATA SIZE       =   ----    ----
   PDATA SIZE       =   ----    ----
   DATA SIZE        =   ----    ----
   IDATA SIZE       =   ----    ----
   BIT SIZE         =   ----    ----
END OF MODULE INFORMATION.


C51 COMPILATION COMPLETE.  0 WARNING(S),  0 ERROR(S)
